---
source: src/app/data/tests.rs
expression: data
---
selected_row: ~
filter:
  search_key: "200"
  filter_on:
    Field:
      name: http.status_code
  is_case_sensitive: false
  comparator: LessThan
rows:
  - data:
      otel.name: HTTP GET /status
      time: time value
  - data:
      http.status_code: 200
      otel.name: HTTP GET /status
      time: time value
filtered_rows: []
applied_filter:
  search_key: "200"
  filter_on:
    Field:
      name: http.status_code
  is_case_sensitive: false
  comparator: LessThan
file_size_as_bytes: 0
