---
source: src/app/data.rs
expression: data
---
Data(
  selected_row: None,
  rows: [
    {
      "time": Some("2024-02-10T03:13:04.191299188Z"),
      "request_id": None,
      "otel.name": None,
      "msg": Some("Server address is: 127.0.0.1:8000"),
      "file": "crates/server/src/startup.rs",
      "hostname": "my_pc",
      "level": 30,
      "line": 34,
      "name": "my_server",
      "pid": 50401,
      "target": "my_server::startup",
      "v": 0,
    },
    {
      "time": Some("2024-02-10T03:13:04.191610465Z"),
      "request_id": None,
      "otel.name": None,
      "msg": Some("starting 8 workers"),
      "file": "/home/user/.cargo/registry/src/index.crates.io-6f17d22bba15001f/actix-server-2.3.0/src/builder.rs",
      "hostname": "my_pc",
      "level": 30,
      "line": 240,
      "name": "my_server",
      "pid": 50401,
      "target": "actix_server::builder",
      "v": 0,
    },
  ],
)
